data/content.json(456,5): error TS1328: Property value can only be string literal, numeric literal, 'true', 'false', 'null', object literal or array literal.
data/content.json(472,396): error TS1005: ',' expected.
data/content.json(472,407): error TS1005: ',' expected.
data/content.json(472,416): error TS1005: ',' expected.
data/content.json(472,417): error TS1127: Invalid character.
data/content.json(472,419): error TS1005: ',' expected.
data/content.json(472,421): error TS1109: Expression expected.
data/content.json(472,436): error TS1127: Invalid character.
data/content.json(472,444): error TS1005: ',' expected.
data/content.json(472,452): error TS1005: ',' expected.
data/content.json(472,465): error TS1005: ',' expected.
data/content.json(472,480): error TS1005: ',' expected.
data/content.json(472,495): error TS1005: ',' expected.
data/content.json(472,504): error TS1005: ',' expected.
data/content.json(472,508): error TS1005: ',' expected.
data/content.json(472,515): error TS1005: ',' expected.
data/content.json(472,522): error TS1127: Invalid character.
data/content.json(472,523): error TS1328: Property value can only be string literal, numeric literal, 'true', 'false', 'null', object literal or array literal.
data/content.json(472,526): error TS1109: Expression expected.
data/content.json(472,535): error TS1005: ',' expected.
data/content.json(472,535): error TS1328: Property value can only be string literal, numeric literal, 'true', 'false', 'null', object literal or array literal.
data/content.json(472,548): error TS1127: Invalid character.
data/content.json(472,550): error TS1328: Property value can only be string literal, numeric literal, 'true', 'false', 'null', object literal or array literal.
data/content.json(472,561): error TS1005: ',' expected.
data/content.json(472,561): error TS1328: Property value can only be string literal, numeric literal, 'true', 'false', 'null', object literal or array literal.
data/content.json(472,565): error TS1005: ',' expected.
data/content.json(472,565): error TS1328: Property value can only be string literal, numeric literal, 'true', 'false', 'null', object literal or array literal.
data/content.json(472,572): error TS1005: ',' expected.
data/content.json(472,572): error TS1328: Property value can only be string literal, numeric literal, 'true', 'false', 'null', object literal or array literal.
data/content.json(472,578): error TS1003: Identifier expected.
data/content.json(472,581): error TS1005: ',' expected.
data/content.json(472,581): error TS1328: Property value can only be string literal, numeric literal, 'true', 'false', 'null', object literal or array literal.
data/content.json(472,589): error TS1005: ',' expected.
data/content.json(472,589): error TS1328: Property value can only be string literal, numeric literal, 'true', 'false', 'null', object literal or array literal.
data/content.json(472,596): error TS1005: ',' expected.
data/content.json(472,596): error TS1328: Property value can only be string literal, numeric literal, 'true', 'false', 'null', object literal or array literal.
data/content.json(472,603): error TS1005: ',' expected.
data/content.json(472,603): error TS1328: Property value can only be string literal, numeric literal, 'true', 'false', 'null', object literal or array literal.
data/content.json(472,607): error TS1005: ',' expected.
data/content.json(472,607): error TS1328: Property value can only be string literal, numeric literal, 'true', 'false', 'null', object literal or array literal.
data/content.json(472,611): error TS1005: ',' expected.
data/content.json(472,611): error TS1328: Property value can only be string literal, numeric literal, 'true', 'false', 'null', object literal or array literal.
data/content.json(472,618): error TS1005: ',' expected.
data/content.json(472,618): error TS1328: Property value can only be string literal, numeric literal, 'true', 'false', 'null', object literal or array literal.
data/content.json(472,625): error TS1127: Invalid character.
data/content.json(472,626): error TS1328: Property value can only be string literal, numeric literal, 'true', 'false', 'null', object literal or array literal.
data/content.json(472,627): error TS1127: Invalid character.
data/content.json(472,628): error TS1328: Property value can only be string literal, numeric literal, 'true', 'false', 'null', object literal or array literal.
data/content.json(472,638): error TS1005: ',' expected.
data/content.json(472,638): error TS1328: Property value can only be string literal, numeric literal, 'true', 'false', 'null', object literal or array literal.
data/content.json(472,643): error TS1005: ',' expected.
data/content.json(472,644): error TS1109: Expression expected.
data/content.json(472,644): error TS1328: Property value can only be string literal, numeric literal, 'true', 'false', 'null', object literal or array literal.
data/content.json(472,646): error TS1127: Invalid character.
data/content.json(472,647): error TS1328: Property value can only be string literal, numeric literal, 'true', 'false', 'null', object literal or array literal.
data/content.json(472,658): error TS1005: ',' expected.
data/content.json(472,658): error TS1328: Property value can only be string literal, numeric literal, 'true', 'false', 'null', object literal or array literal.
data/content.json(472,662): error TS1005: ',' expected.
data/content.json(472,662): error TS1328: Property value can only be string literal, numeric literal, 'true', 'false', 'null', object literal or array literal.
data/content.json(472,677): error TS1005: ',' expected.
data/content.json(472,677): error TS1328: Property value can only be string literal, numeric literal, 'true', 'false', 'null', object literal or array literal.
data/content.json(472,688): error TS1127: Invalid character.
data/content.json(472,690): error TS1328: Property value can only be string literal, numeric literal, 'true', 'false', 'null', object literal or array literal.
data/content.json(472,698): error TS1005: ',' expected.
data/content.json(472,698): error TS1328: Property value can only be string literal, numeric literal, 'true', 'false', 'null', object literal or array literal.
data/content.json(472,702): error TS1005: ',' expected.
data/content.json(472,702): error TS1328: Property value can only be string literal, numeric literal, 'true', 'false', 'null', object literal or array literal.
data/content.json(472,714): error TS1005: ',' expected.
data/content.json(472,714): error TS1328: Property value can only be string literal, numeric literal, 'true', 'false', 'null', object literal or array literal.
data/content.json(472,719): error TS1005: ',' expected.
data/content.json(472,719): error TS1328: Property value can only be string literal, numeric literal, 'true', 'false', 'null', object literal or array literal.
data/content.json(472,732): error TS1127: Invalid character.
data/content.json(472,733): error TS1328: Property value can only be string literal, numeric literal, 'true', 'false', 'null', object literal or array literal.
data/content.json(472,749): error TS1005: ',' expected.
data/content.json(472,749): error TS1328: Property value can only be string literal, numeric literal, 'true', 'false', 'null', object literal or array literal.
data/content.json(472,760): error TS1005: ',' expected.
data/content.json(472,760): error TS1328: Property value can only be string literal, numeric literal, 'true', 'false', 'null', object literal or array literal.
data/content.json(472,764): error TS1005: ',' expected.
data/content.json(472,764): error TS1328: Property value can only be string literal, numeric literal, 'true', 'false', 'null', object literal or array literal.
data/content.json(472,778): error TS1003: Identifier expected.
data/content.json(472,778): error TS1328: Property value can only be string literal, numeric literal, 'true', 'false', 'null', object literal or array literal.
data/content.json(472,796): error TS1005: ',' expected.
data/content.json(472,796): error TS1328: Property value can only be string literal, numeric literal, 'true', 'false', 'null', object literal or array literal.
data/content.json(472,802): error TS1005: ',' expected.
data/content.json(472,802): error TS1328: Property value can only be string literal, numeric literal, 'true', 'false', 'null', object literal or array literal.
data/content.json(472,808): error TS1005: ',' expected.
data/content.json(472,808): error TS1328: Property value can only be string literal, numeric literal, 'true', 'false', 'null', object literal or array literal.
data/content.json(472,811): error TS1127: Invalid character.
data/content.json(472,812): error TS1328: Property value can only be string literal, numeric literal, 'true', 'false', 'null', object literal or array literal.
data/content.json(472,819): error TS1005: ',' expected.
data/content.json(472,819): error TS1328: Property value can only be string literal, numeric literal, 'true', 'false', 'null', object literal or array literal.
data/content.json(472,830): error TS1005: ',' expected.
data/content.json(472,830): error TS1328: Property value can only be string literal, numeric literal, 'true', 'false', 'null', object literal or array literal.
data/content.json(472,839): error TS1005: ',' expected.
data/content.json(472,839): error TS1328: Property value can only be string literal, numeric literal, 'true', 'false', 'null', object literal or array literal.
data/content.json(472,843): error TS1005: ',' expected.
data/content.json(472,843): error TS1328: Property value can only be string literal, numeric literal, 'true', 'false', 'null', object literal or array literal.
data/content.json(472,852): error TS1127: Invalid character.
data/content.json(472,854): error TS1328: Property value can only be string literal, numeric literal, 'true', 'false', 'null', object literal or array literal.
data/content.json(472,857): error TS1005: ',' expected.
data/content.json(472,857): error TS1328: Property value can only be string literal, numeric literal, 'true', 'false', 'null', object literal or array literal.
data/content.json(472,861): error TS1005: ',' expected.
data/content.json(472,861): error TS1328: Property value can only be string literal, numeric literal, 'true', 'false', 'null', object literal or array literal.
data/content.json(472,866): error TS1005: ',' expected.
data/content.json(472,866): error TS1328: Property value can only be string literal, numeric literal, 'true', 'false', 'null', object literal or array literal.
data/content.json(472,870): error TS1005: ',' expected.
data/content.json(472,870): error TS1328: Property value can only be string literal, numeric literal, 'true', 'false', 'null', object literal or array literal.
data/content.json(472,874): error TS1005: ',' expected.
data/content.json(472,874): error TS1328: Property value can only be string literal, numeric literal, 'true', 'false', 'null', object literal or array literal.
data/content.json(472,886): error TS1127: Invalid character.
data/content.json(472,887): error TS1328: Property value can only be string literal, numeric literal, 'true', 'false', 'null', object literal or array literal.
data/content.json(472,894): error TS1005: ',' expected.
data/content.json(472,894): error TS1328: Property value can only be string literal, numeric literal, 'true', 'false', 'null', object literal or array literal.
data/content.json(472,899): error TS1005: ',' expected.
data/content.json(472,899): error TS1328: Property value can only be string literal, numeric literal, 'true', 'false', 'null', object literal or array literal.
data/content.json(472,903): error TS1005: ',' expected.
data/content.json(472,903): error TS1328: Property value can only be string literal, numeric literal, 'true', 'false', 'null', object literal or array literal.
data/content.json(472,919): error TS1005: ',' expected.
data/content.json(472,919): error TS1328: Property value can only be string literal, numeric literal, 'true', 'false', 'null', object literal or array literal.
data/content.json(472,928): error TS1127: Invalid character.
data/content.json(472,930): error TS1328: Property value can only be string literal, numeric literal, 'true', 'false', 'null', object literal or array literal.
data/content.json(472,941): error TS1328: Property value can only be string literal, numeric literal, 'true', 'false', 'null', object literal or array literal.
data/content.json(472,959): error TS1005: ',' expected.
data/content.json(472,959): error TS1328: Property value can only be string literal, numeric literal, 'true', 'false', 'null', object literal or array literal.
data/content.json(472,963): error TS1005: ',' expected.
data/content.json(472,963): error TS1328: Property value can only be string literal, numeric literal, 'true', 'false', 'null', object literal or array literal.
data/content.json(472,971): error TS1005: ',' expected.
data/content.json(472,971): error TS1328: Property value can only be string literal, numeric literal, 'true', 'false', 'null', object literal or array literal.
data/content.json(472,977): error TS1005: ',' expected.
data/content.json(472,977): error TS1328: Property value can only be string literal, numeric literal, 'true', 'false', 'null', object literal or array literal.
data/content.json(472,982): error TS1127: Invalid character.
data/content.json(472,983): error TS1328: Property value can only be string literal, numeric literal, 'true', 'false', 'null', object literal or array literal.
data/content.json(472,1017): error TS1005: ',' expected.
data/content.json(472,1017): error TS1328: Property value can only be string literal, numeric literal, 'true', 'false', 'null', object literal or array literal.
data/content.json(472,1024): error TS1005: ',' expected.
data/content.json(472,1024): error TS1328: Property value can only be string literal, numeric literal, 'true', 'false', 'null', object literal or array literal.
data/content.json(472,1028): error TS1005: ',' expected.
data/content.json(472,1028): error TS1328: Property value can only be string literal, numeric literal, 'true', 'false', 'null', object literal or array literal.
data/content.json(472,1037): error TS1005: ',' expected.
data/content.json(472,1037): error TS1328: Property value can only be string literal, numeric literal, 'true', 'false', 'null', object literal or array literal.
data/content.json(472,1042): error TS1005: ',' expected.
data/content.json(472,1042): error TS1328: Property value can only be string literal, numeric literal, 'true', 'false', 'null', object literal or array literal.
data/content.json(472,1050): error TS1005: ',' expected.
data/content.json(472,1050): error TS1328: Property value can only be string literal, numeric literal, 'true', 'false', 'null', object literal or array literal.
data/content.json(472,1054): error TS1005: ',' expected.
data/content.json(472,1054): error TS1328: Property value can only be string literal, numeric literal, 'true', 'false', 'null', object literal or array literal.
data/content.json(472,1060): error TS1005: ',' expected.
data/content.json(472,1060): error TS1328: Property value can only be string literal, numeric literal, 'true', 'false', 'null', object literal or array literal.
data/content.json(472,1072): error TS1005: ',' expected.
data/content.json(472,1072): error TS1328: Property value can only be string literal, numeric literal, 'true', 'false', 'null', object literal or array literal.
data/content.json(472,1078): error TS1127: Invalid character.
data/content.json(472,1079): error TS1328: Property value can only be string literal, numeric literal, 'true', 'false', 'null', object literal or array literal.
data/content.json(472,1080): error TS1127: Invalid character.
data/content.json(472,1081): error TS1328: Property value can only be string literal, numeric literal, 'true', 'false', 'null', object literal or array literal.
data/content.json(472,1088): error TS1005: ',' expected.
data/content.json(472,1088): error TS1328: Property value can only be string literal, numeric literal, 'true', 'false', 'null', object literal or array literal.
data/content.json(472,1097): error TS1005: ',' expected.
data/content.json(472,1098): error TS1109: Expression expected.
data/content.json(472,1098): error TS1328: Property value can only be string literal, numeric literal, 'true', 'false', 'null', object literal or array literal.
data/content.json(472,1100): error TS1127: Invalid character.
data/content.json(472,1101): error TS1328: Property value can only be string literal, numeric literal, 'true', 'false', 'null', object literal or array literal.
data/content.json(472,1112): error TS1005: ',' expected.
data/content.json(472,1112): error TS1328: Property value can only be string literal, numeric literal, 'true', 'false', 'null', object literal or array literal.
data/content.json(472,1123): error TS1127: Invalid character.
data/content.json(472,1125): error TS1328: Property value can only be string literal, numeric literal, 'true', 'false', 'null', object literal or array literal.
data/content.json(472,1132): error TS1005: ',' expected.
data/content.json(472,1134): error TS1328: Property value can only be string literal, numeric literal, 'true', 'false', 'null', object literal or array literal.
data/content.json(472,1139): error TS1005: ',' expected.
data/content.json(472,1139): error TS1328: Property value can only be string literal, numeric literal, 'true', 'false', 'null', object literal or array literal.
data/content.json(472,1147): error TS1005: ',' expected.
data/content.json(472,1147): error TS1328: Property value can only be string literal, numeric literal, 'true', 'false', 'null', object literal or array literal.
data/content.json(472,1159): error TS1005: ',' expected.
data/content.json(472,1159): error TS1328: Property value can only be string literal, numeric literal, 'true', 'false', 'null', object literal or array literal.
data/content.json(472,1163): error TS1005: ',' expected.
data/content.json(472,1163): error TS1328: Property value can only be string literal, numeric literal, 'true', 'false', 'null', object literal or array literal.
data/content.json(472,1168): error TS1005: ',' expected.
data/content.json(472,1168): error TS1328: Property value can only be string literal, numeric literal, 'true', 'false', 'null', object literal or array literal.
data/content.json(472,1180): error TS1005: ',' expected.
data/content.json(472,1180): error TS1328: Property value can only be string literal, numeric literal, 'true', 'false', 'null', object literal or array literal.
data/content.json(472,1189): error TS1328: Property value can only be string literal, numeric literal, 'true', 'false', 'null', object literal or array literal.
data/content.json(472,1194): error TS1005: ',' expected.
data/content.json(472,1194): error TS1328: Property value can only be string literal, numeric literal, 'true', 'false', 'null', object literal or array literal.
data/content.json(472,1203): error TS1005: ',' expected.
data/content.json(472,1203): error TS1328: Property value can only be string literal, numeric literal, 'true', 'false', 'null', object literal or array literal.
data/content.json(472,1211): error TS1005: ',' expected.
data/content.json(472,1211): error TS1328: Property value can only be string literal, numeric literal, 'true', 'false', 'null', object literal or array literal.
data/content.json(472,1221): error TS1003: Identifier expected.
data/content.json(472,1222): error TS1002: Unterminated string literal.
data/content.json(473,9): error TS1005: ',' expected.
data/content.json(474,5): error TS1137: Expression or comma expected.
games/flight-path/index.tsx(815,2): error TS1128: Declaration or statement expected.
